Esecuzione di './matrix_kernels/mat_multrans_a/test'...
Iterazione 0 - Errore: 0.000000e+00
Matrice MLIR (C):
  20.22  -35.42  -87.38  134.22 
 -94.59    6.08  -10.54    1.99 
 194.20   21.33   34.74   54.83 
 -74.95   17.03   91.28 -195.57 
Matrice C (Cref):
  20.22  -35.42  -87.38  134.22 
 -94.59    6.08  -10.54    1.99 
 194.20   21.33   34.74   54.83 
 -74.95   17.03   91.28 -195.57 

Iterazione 1 - Errore: 0.000000e+00
Matrice MLIR (C):
  -0.22  -95.77   66.39   53.49 
  76.72  -35.13   38.10    0.13 
 -63.85  -10.84   36.53  -10.57 
-104.60   36.36   41.89  -20.18 
Matrice C (Cref):
  -0.22  -95.77   66.39   53.49 
  76.72  -35.13   38.10    0.13 
 -63.85  -10.84   36.53  -10.57 
-104.60   36.36   41.89  -20.18 

Iterazione 2 - Errore: 0.000000e+00
Matrice MLIR (C):
  15.08  -83.33   10.13   20.41 
-133.64   42.32  -67.92  -10.31 
 158.97 -119.78    0.86   98.45 
 100.24    0.70  -16.56  -56.22 
Matrice C (Cref):
  15.08  -83.33   10.13   20.41 
-133.64   42.32  -67.92  -10.31 
 158.97 -119.78    0.86   98.45 
 100.24    0.70  -16.56  -56.22 

Iterazione 3 - Errore: 0.000000e+00
Matrice MLIR (C):
 123.40  -66.19  127.69  -90.90 
  16.76  -38.31   48.04   23.89 
  49.17   60.71   29.23   -9.30 
  -1.56  -32.07   -0.59  -22.83 
Matrice C (Cref):
 123.40  -66.19  127.69  -90.90 
  16.76  -38.31   48.04   23.89 
  49.17   60.71   29.23   -9.30 
  -1.56  -32.07   -0.59  -22.83 

Iterazione 4 - Errore: 0.000000e+00
Matrice MLIR (C):
  88.71   59.80   74.58   -3.93 
 -90.06  -11.84   -7.85   51.15 
   0.67   59.20  -21.51  -38.52 
  60.72  -51.70   97.10   84.84 
Matrice C (Cref):
  88.71   59.80   74.58   -3.93 
 -90.06  -11.84   -7.85   51.15 
   0.67   59.20  -21.51  -38.52 
  60.72  -51.70   97.10   84.84 

Iterazione 5 - Errore: 0.000000e+00
Matrice MLIR (C):
  32.57  -47.17  -94.01   87.68 
 -55.38  -60.16  112.83  -42.45 
  52.76 -111.19   21.60  -56.00 
  36.97   -9.36  -16.85   26.57 
Matrice C (Cref):
  32.57  -47.17  -94.01   87.68 
 -55.38  -60.16  112.83  -42.45 
  52.76 -111.19   21.60  -56.00 
  36.97   -9.36  -16.85   26.57 

Iterazione 6 - Errore: 0.000000e+00
Matrice MLIR (C):
  11.73   38.98   21.75   15.62 
-168.23 -116.65  -32.27  -87.08 
 -29.05  -32.15  -57.28  -25.24 
 -74.89  -33.78   33.23  -24.45 
Matrice C (Cref):
  11.73   38.98   21.75   15.62 
-168.23 -116.65  -32.27  -87.08 
 -29.05  -32.15  -57.28  -25.24 
 -74.89  -33.78   33.23  -24.45 

\
----------------------------------------
\
Esecuzione di './matrix_kernels/mat_trans/test'...

=== A (input) (64 x 64) — angoli 4×4 ===
[top-left]
   9.35    9.73   -0.16    4.38 
  -8.66   -1.39    3.20    0.39 
  -7.96    7.75    6.21    9.25 
   7.66   -8.63    5.32   -2.84 

=== C - MLIR transpose (64 x 64) — angoli 4×4 ===
[top-left]
   9.35   -8.66   -7.96    7.66 
   9.73   -1.39    7.75   -8.63 
  -0.16    3.20    6.21    5.32 
   4.38    0.39    9.25   -2.84 

=== Cref - Golden (64 x 64) — angoli 4×4 ===
[top-left]
   9.35   -8.66   -7.96    7.66 
   9.73   -1.39    7.75   -8.63 
  -0.16    3.20    6.21    5.32 
   4.38    0.39    9.25   -2.84 
Iterazione 0 - Error: 0.000000e+00

=== A (input) (64 x 64) — angoli 4×4 ===
[top-left]
  -9.84    8.62   -8.98    4.10 
  -1.07    2.61   -2.94    3.29 
   3.82   -2.92    3.08   -6.14 
  -2.06    8.12   -7.46   -9.15 

=== C - MLIR transpose (64 x 64) — angoli 4×4 ===
[top-left]
  -9.84   -1.07    3.82   -2.06 
   8.62    2.61   -2.92    8.12 
  -8.98   -2.94    3.08   -7.46 
   4.10    3.29   -6.14   -9.15 

=== Cref - Golden (64 x 64) — angoli 4×4 ===
[top-left]
  -9.84   -1.07    3.82   -2.06 
   8.62    2.61   -2.92    8.12 
  -8.98   -2.94    3.08   -7.46 
   4.10    3.29   -6.14   -9.15 
Iterazione 1 - Error: 0.000000e+00

=== A (input) (64 x 64) — angoli 4×4 ===
[top-left]
  -8.66   -8.77   -4.87   -1.01 
  -8.31    8.88    2.86   -7.75 
   2.26   -3.75   -6.07   -2.46 
   7.30    2.50    8.10   -1.98 

=== C - MLIR transpose (64 x 64) — angoli 4×4 ===
[top-left]
  -8.66   -8.31    2.26    7.30 
  -8.77    8.88   -3.75    2.50 
  -4.87    2.86   -6.07    8.10 
  -1.01   -7.75   -2.46   -1.98 

=== Cref - Golden (64 x 64) — angoli 4×4 ===
[top-left]
  -8.66   -8.31    2.26    7.30 
  -8.77    8.88   -3.75    2.50 
  -4.87    2.86   -6.07    8.10 
  -1.01   -7.75   -2.46   -1.98 
Iterazione 2 - Error: 0.000000e+00

=== A (input) (64 x 64) — angoli 4×4 ===
[top-left]
   2.36    9.23   -6.43    9.87 
  -2.74   -5.72   -8.28   -7.61 
  -3.92   -6.90    3.27   -4.31 
  -4.99   -0.30   -4.48    2.64 

=== C - MLIR transpose (64 x 64) — angoli 4×4 ===
[top-left]
   2.36   -2.74   -3.92   -4.99 
   9.23   -5.72   -6.90   -0.30 
  -6.43   -8.28    3.27   -4.48 
   9.87   -7.61   -4.31    2.64 

=== Cref - Golden (64 x 64) — angoli 4×4 ===
[top-left]
   2.36   -2.74   -3.92   -4.99 
   9.23   -5.72   -6.90   -0.30 
  -6.43   -8.28    3.27   -4.48 
   9.87   -7.61   -4.31    2.64 
Iterazione 3 - Error: 0.000000e+00

=== A (input) (64 x 64) — angoli 4×4 ===
[top-left]
  -3.87   -8.31   -4.52    8.53 
  -9.30    5.90   -1.06   -0.84 
   5.20    0.40    6.40    7.92 
   5.31    4.78    2.93   -3.61 

=== C - MLIR transpose (64 x 64) — angoli 4×4 ===
[top-left]
  -3.87   -9.30    5.20    5.31 
  -8.31    5.90    0.40    4.78 
  -4.52   -1.06    6.40    2.93 
   8.53   -0.84    7.92   -3.61 

=== Cref - Golden (64 x 64) — angoli 4×4 ===
[top-left]
  -3.87   -9.30    5.20    5.31 
  -8.31    5.90    0.40    4.78 
  -4.52   -1.06    6.40    2.93 
   8.53   -0.84    7.92   -3.61 
Iterazione 4 - Error: 0.000000e+00

=== A (input) (64 x 64) — angoli 4×4 ===
[top-left]
   5.13   -9.62   -6.39    5.85 
  -4.54    7.61    7.18   -5.54 
   2.45    3.75   -6.00   -4.57 
   7.26   -7.81    6.09    7.02 

=== C - MLIR transpose (64 x 64) — angoli 4×4 ===
[top-left]
   5.13   -4.54    2.45    7.26 
  -9.62    7.61    3.75   -7.81 
  -6.39    7.18   -6.00    6.09 
   5.85   -5.54   -4.57    7.02 

=== Cref - Golden (64 x 64) — angoli 4×4 ===
[top-left]
   5.13   -4.54    2.45    7.26 
  -9.62    7.61    3.75   -7.81 
  -6.39    7.18   -6.00    6.09 
   5.85   -5.54   -4.57    7.02 
Iterazione 5 - Error: 0.000000e+00

=== A (input) (64 x 64) — angoli 4×4 ===
[top-left]
   9.70    3.94    7.53   -1.65 
   7.61    2.08   -4.23    1.11 
   9.92    2.95    5.00   -7.54 
   2.22    8.10    1.45   -2.89 

=== C - MLIR transpose (64 x 64) — angoli 4×4 ===
[top-left]
   9.70    7.61    9.92    2.22 
   3.94    2.08    2.95    8.10 
   7.53   -4.23    5.00    1.45 
  -1.65    1.11   -7.54   -2.89 

=== Cref - Golden (64 x 64) — angoli 4×4 ===
[top-left]
   9.70    7.61    9.92    2.22 
   3.94    2.08    2.95    8.10 
   7.53   -4.23    5.00    1.45 
  -1.65    1.11   -7.54   -2.89 
Iterazione 6 - Error: 0.000000e+00
\
----------------------------------------
\
Esecuzione di './matrix_kernels/mat_setall/test'...
Errore: 0.000000e+00
Matrice MLIR (Out):
   6.90    6.90    6.90    6.90 
   6.90    6.90    6.90    6.90 
   6.90    6.90    6.90    6.90 
   6.90    6.90    6.90    6.90 
Matrice C (Ref):
   6.90    6.90    6.90    6.90 
   6.90    6.90    6.90    6.90 
   6.90    6.90    6.90    6.90 
   6.90    6.90    6.90    6.90 
Errore: 0.000000e+00
Matrice MLIR (Out):
   6.33    6.33    6.33    6.33 
   6.33    6.33    6.33    6.33 
   6.33    6.33    6.33    6.33 
   6.33    6.33    6.33    6.33 
Matrice C (Ref):
   6.33    6.33    6.33    6.33 
   6.33    6.33    6.33    6.33 
   6.33    6.33    6.33    6.33 
   6.33    6.33    6.33    6.33 
Errore: 0.000000e+00
Matrice MLIR (Out):
  -6.49   -6.49   -6.49   -6.49 
  -6.49   -6.49   -6.49   -6.49 
  -6.49   -6.49   -6.49   -6.49 
  -6.49   -6.49   -6.49   -6.49 
Matrice C (Ref):
  -6.49   -6.49   -6.49   -6.49 
  -6.49   -6.49   -6.49   -6.49 
  -6.49   -6.49   -6.49   -6.49 
  -6.49   -6.49   -6.49   -6.49 
Errore: 0.000000e+00
Matrice MLIR (Out):
  -9.75   -9.75   -9.75   -9.75 
  -9.75   -9.75   -9.75   -9.75 
  -9.75   -9.75   -9.75   -9.75 
  -9.75   -9.75   -9.75   -9.75 
Matrice C (Ref):
  -9.75   -9.75   -9.75   -9.75 
  -9.75   -9.75   -9.75   -9.75 
  -9.75   -9.75   -9.75   -9.75 
  -9.75   -9.75   -9.75   -9.75 
Errore: 0.000000e+00
Matrice MLIR (Out):
   4.09    4.09    4.09    4.09 
   4.09    4.09    4.09    4.09 
   4.09    4.09    4.09    4.09 
   4.09    4.09    4.09    4.09 
Matrice C (Ref):
   4.09    4.09    4.09    4.09 
   4.09    4.09    4.09    4.09 
   4.09    4.09    4.09    4.09 
   4.09    4.09    4.09    4.09 
Errore: 0.000000e+00
Matrice MLIR (Out):
  -6.78   -6.78   -6.78   -6.78 
  -6.78   -6.78   -6.78   -6.78 
  -6.78   -6.78   -6.78   -6.78 
  -6.78   -6.78   -6.78   -6.78 
Matrice C (Ref):
  -6.78   -6.78   -6.78   -6.78 
  -6.78   -6.78   -6.78   -6.78 
  -6.78   -6.78   -6.78   -6.78 
  -6.78   -6.78   -6.78   -6.78 
Errore: 0.000000e+00
Matrice MLIR (Out):
   6.24    6.24    6.24    6.24 
   6.24    6.24    6.24    6.24 
   6.24    6.24    6.24    6.24 
   6.24    6.24    6.24    6.24 
Matrice C (Ref):
   6.24    6.24    6.24    6.24 
   6.24    6.24    6.24    6.24 
   6.24    6.24    6.24    6.24 
   6.24    6.24    6.24    6.24 
\
----------------------------------------
\
Esecuzione di './matrix_kernels/mat_swaprow/test'...

Iterazione 0 - Swap righe 3 e 2

=== Input (4 x 4) — angoli 4×4 ===
[top-left]
   9.35    9.73   -0.16    4.38 
   8.67    0.30    1.96    4.63 
   3.39    2.39   -7.25    7.68 
  -8.21    2.80   -2.61    3.21 

=== MLIR Output (4 x 4) — angoli 4×4 ===
[top-left]
   9.35    9.73   -0.16    4.38 
   8.67    0.30    1.96    4.63 
   3.39    2.39   -7.25    7.68 
  -8.21    2.80   -2.61    3.21 

=== Reference (4 x 4) — angoli 4×4 ===
[top-left]
   9.35    9.73   -0.16    4.38 
   8.67    0.30    1.96    4.63 
   3.39    2.39   -7.25    7.68 
  -8.21    2.80   -2.61    3.21 
Iterazione 0 - Error: 0.000000e+00

Iterazione 1 - Swap righe 3 e 2

=== Input (4 x 4) — angoli 4×4 ===
[top-left]
  -9.84    8.62   -8.98    4.10 
   8.40   -2.27    4.63    9.95 
  -5.53    8.93    6.46    0.52 
   2.39    5.73    7.85   -5.13 

=== MLIR Output (4 x 4) — angoli 4×4 ===
[top-left]
  -9.84    8.62   -8.98    4.10 
   8.40   -2.27    4.63    9.95 
  -5.53    8.93    6.46    0.52 
   2.39    5.73    7.85   -5.13 

=== Reference (4 x 4) — angoli 4×4 ===
[top-left]
  -9.84    8.62   -8.98    4.10 
   8.40   -2.27    4.63    9.95 
  -5.53    8.93    6.46    0.52 
   2.39    5.73    7.85   -5.13 
Iterazione 1 - Error: 0.000000e+00

Iterazione 2 - Swap righe 3 e 2

=== Input (4 x 4) — angoli 4×4 ===
[top-left]
  -8.66   -8.77   -4.87   -1.01 
   0.13   -3.01    4.62    7.25 
  -3.77    5.68    1.23    5.18 
  -3.45   -8.79   -6.45   -1.23 

=== MLIR Output (4 x 4) — angoli 4×4 ===
[top-left]
  -8.66   -8.77   -4.87   -1.01 
   0.13   -3.01    4.62    7.25 
  -3.77    5.68    1.23    5.18 
  -3.45   -8.79   -6.45   -1.23 

=== Reference (4 x 4) — angoli 4×4 ===
[top-left]
  -8.66   -8.77   -4.87   -1.01 
   0.13   -3.01    4.62    7.25 
  -3.77    5.68    1.23    5.18 
  -3.45   -8.79   -6.45   -1.23 
Iterazione 2 - Error: 0.000000e+00

Iterazione 3 - Swap righe 3 e 2

=== Input (4 x 4) — angoli 4×4 ===
[top-left]
   2.36    9.23   -6.43    9.87 
  -9.04   -1.25   -3.81    4.06 
  -5.09   -6.22   -3.19   -1.40 
   8.57    6.59   -2.53    0.04 

=== MLIR Output (4 x 4) — angoli 4×4 ===
[top-left]
   2.36    9.23   -6.43    9.87 
  -9.04   -1.25   -3.81    4.06 
  -5.09   -6.22   -3.19   -1.40 
   8.57    6.59   -2.53    0.04 

=== Reference (4 x 4) — angoli 4×4 ===
[top-left]
   2.36    9.23   -6.43    9.87 
  -9.04   -1.25   -3.81    4.06 
  -5.09   -6.22   -3.19   -1.40 
   8.57    6.59   -2.53    0.04 
Iterazione 3 - Error: 0.000000e+00

Iterazione 4 - Swap righe 3 e 2

=== Input (4 x 4) — angoli 4×4 ===
[top-left]
  -3.87   -8.31   -4.52    8.53 
  -6.54   -2.48    1.59   -7.60 
   5.53   -3.13    1.91    8.77 
   2.74   -3.89    3.60    0.89 

=== MLIR Output (4 x 4) — angoli 4×4 ===
[top-left]
  -3.87   -8.31   -4.52    8.53 
  -6.54   -2.48    1.59   -7.60 
   5.53   -3.13    1.91    8.77 
   2.74   -3.89    3.60    0.89 

=== Reference (4 x 4) — angoli 4×4 ===
[top-left]
  -3.87   -8.31   -4.52    8.53 
  -6.54   -2.48    1.59   -7.60 
   5.53   -3.13    1.91    8.77 
   2.74   -3.89    3.60    0.89 
Iterazione 4 - Error: 0.000000e+00

Iterazione 5 - Swap righe 3 e 2

=== Input (4 x 4) — angoli 4×4 ===
[top-left]
   5.13   -9.62   -6.39    5.85 
  -8.19    7.91   -3.55    3.15 
   4.21    4.96   -9.15   -4.85 
  -6.95    8.87    8.70   -2.82 

=== MLIR Output (4 x 4) — angoli 4×4 ===
[top-left]
   5.13   -9.62   -6.39    5.85 
  -8.19    7.91   -3.55    3.15 
   4.21    4.96   -9.15   -4.85 
  -6.95    8.87    8.70   -2.82 

=== Reference (4 x 4) — angoli 4×4 ===
[top-left]
   5.13   -9.62   -6.39    5.85 
  -8.19    7.91   -3.55    3.15 
   4.21    4.96   -9.15   -4.85 
  -6.95    8.87    8.70   -2.82 
Iterazione 5 - Error: 0.000000e+00

Iterazione 6 - Swap righe 3 e 2

=== Input (4 x 4) — angoli 4×4 ===
[top-left]
   9.70    3.94    7.53   -1.65 
  -7.20    9.14    7.96    7.76 
   3.60    5.78    5.76    4.43 
   6.67   -2.34   -3.18   -5.43 

=== MLIR Output (4 x 4) — angoli 4×4 ===
[top-left]
   9.70    3.94    7.53   -1.65 
  -7.20    9.14    7.96    7.76 
   3.60    5.78    5.76    4.43 
   6.67   -2.34   -3.18   -5.43 

=== Reference (4 x 4) — angoli 4×4 ===
[top-left]
   9.70    3.94    7.53   -1.65 
  -7.20    9.14    7.96    7.76 
   3.60    5.78    5.76    4.43 
   6.67   -2.34   -3.18   -5.43 
Iterazione 6 - Error: 0.000000e+00
\
----------------------------------------
\
Esecuzione di './matrix_kernels/mat_multrans_b/test'...
Iterazione 0 - Errore: 0.000000e+00
Matrice MLIR (C):
 -78.96 -118.82   -8.91   59.36 
  -5.41  -89.52   33.77   91.35 
  47.68   18.20  -39.93  -31.00 
  65.30  -97.99  -19.27   64.77 
Matrice C (Cref):
 -78.96 -118.82   -8.91   59.36 
  -5.41  -89.52   33.77   91.35 
  47.68   18.20  -39.93  -31.00 
  65.30  -97.99  -19.27   64.77 

Iterazione 1 - Errore: 0.000000e+00
Matrice MLIR (C):
 -52.04  193.57   55.16   63.61 
  93.55  -71.85  -66.29  -66.52 
-123.03  -18.28  116.98   -8.46 
-152.51   94.63  172.38  -40.62 
Matrice C (Cref):
 -52.04  193.57   55.16   63.61 
  93.55  -71.85  -66.29  -66.52 
-123.03  -18.28  116.98   -8.46 
-152.51   94.63  172.38  -40.62 

Iterazione 2 - Errore: 0.000000e+00
Matrice MLIR (C):
-153.56  -64.41  -16.27 -114.39 
  12.23   64.59  -46.15   41.80 
-114.64 -116.39   24.75 -105.83 
 -13.47  129.05  -70.48   49.29 
Matrice C (Cref):
-153.56  -64.41  -16.27 -114.39 
  12.23   64.59  -46.15   41.80 
-114.64 -116.39   24.75 -105.83 
 -13.47  129.05  -70.48   49.29 

Iterazione 3 - Errore: 0.000000e+00
Matrice MLIR (C):
  40.03   57.21 -153.61  -85.04 
  54.14   64.92  -82.58  -83.96 
   8.89  -13.19  -23.01   12.52 
   7.88   12.45    8.93  -27.38 
Matrice C (Cref):
  40.03   57.21 -153.61  -85.04 
  54.14   64.92  -82.58  -83.96 
   8.89  -13.19  -23.01   12.52 
   7.88   12.45    8.93  -27.38 

Iterazione 4 - Errore: 0.000000e+00
Matrice MLIR (C):
  -0.79   33.74   46.09   59.82 
  67.64  -77.00   16.14   81.95 
 -81.10  -18.02   45.30  -38.14 
-123.95   49.25   36.74  -87.30 
Matrice C (Cref):
  -0.79   33.74   46.09   59.82 
  67.64  -77.00   16.14   81.95 
 -81.10  -18.02   45.30  -38.14 
-123.95   49.25   36.74  -87.30 

Iterazione 5 - Errore: 0.000000e+00
Matrice MLIR (C):
 -44.27   92.79    7.96   -7.21 
 117.63  -72.30   46.93   53.06 
  19.63  -56.49  -39.99   31.87 
 119.13 -121.36   98.35  -52.71 
Matrice C (Cref):
 -44.27   92.79    7.96   -7.21 
 117.63  -72.30   46.93   53.06 
  19.63  -56.49  -39.99   31.87 
 119.13 -121.36   98.35  -52.71 

Iterazione 6 - Errore: 0.000000e+00
Matrice MLIR (C):
  68.27   59.09   17.28 -104.14 
  35.29 -160.07 -128.52   11.37 
  16.73   99.06   71.10   -8.51 
  32.12  -41.08  -39.57  -63.02 
Matrice C (Cref):
  68.27   59.09   17.28 -104.14 
  35.29 -160.07 -128.52   11.37 
  16.73   99.06   71.10   -8.51 
  32.12  -41.08  -39.57  -63.02 

Iterazione 7 - Errore: 0.000000e+00
Matrice MLIR (C):
  54.59 -142.02   41.99   12.55 
  21.15  -71.00   55.26   12.48 
  -9.17   49.43 -129.46   28.59 
 -36.82   77.23  -86.62  -17.42 
Matrice C (Cref):
  54.59 -142.02   41.99   12.55 
  21.15  -71.00   55.26   12.48 
  -9.17   49.43 -129.46   28.59 
 -36.82   77.23  -86.62  -17.42 

\
----------------------------------------
\
Esecuzione di './matrix_kernels/mat_memcopy/test'...
Iterazione 0 - Errore: 0.000000e+00
Matrice MLIR (Dst):
  -7.54   -3.79    6.88    8.27 
   6.48   -6.81    8.64   -9.04 
  -2.03   -0.05   -8.38    7.33 
  -4.12   -1.60    1.37    4.06 
Matrice C (DstRef):
  -7.54   -3.79    6.88    8.27 
   6.48   -6.81    8.64   -9.04 
  -2.03   -0.05   -8.38    7.33 
  -4.12   -1.60    1.37    4.06 

Iterazione 1 - Errore: 0.000000e+00
Matrice MLIR (Dst):
  -2.84   -3.65    6.44    4.69 
  -0.47    4.22   -2.47   -0.25 
  -7.61    1.52   -5.19   -5.53 
  -5.33   -7.41    0.25    4.29 
Matrice C (DstRef):
  -2.84   -3.65    6.44    4.69 
  -0.47    4.22   -2.47   -0.25 
  -7.61    1.52   -5.19   -5.53 
  -5.33   -7.41    0.25    4.29 

Iterazione 2 - Errore: 0.000000e+00
Matrice MLIR (Dst):
   6.28    4.15   -7.68   -1.04 
   3.71    7.86    0.48   -5.05 
   2.96   -7.55    8.39    9.51 
   8.50   -8.99    7.81    2.58 
Matrice C (DstRef):
   6.28    4.15   -7.68   -1.04 
   3.71    7.86    0.48   -5.05 
   2.96   -7.55    8.39    9.51 
   8.50   -8.99    7.81    2.58 

Iterazione 3 - Errore: 0.000000e+00
Matrice MLIR (Dst):
  -2.10   -9.47   -9.20    4.92 
   7.85    0.60   -2.02   -0.88 
  -7.74    6.17    0.15   -3.19 
  -8.14   -4.06    8.52   -9.22 
Matrice C (DstRef):
  -2.10   -9.47   -9.20    4.92 
   7.85    0.60   -2.02   -0.88 
  -7.74    6.17    0.15   -3.19 
  -8.14   -4.06    8.52   -9.22 

Iterazione 4 - Errore: 0.000000e+00
Matrice MLIR (Dst):
  -6.91    2.23   -7.51    8.21 
  -5.81    6.02    2.22   -9.69 
  -1.05   -6.43    0.54   -1.21 
   5.62   -4.71    0.86    1.13 
Matrice C (DstRef):
  -6.91    2.23   -7.51    8.21 
  -5.81    6.02    2.22   -9.69 
  -1.05   -6.43    0.54   -1.21 
   5.62   -4.71    0.86    1.13 

Iterazione 5 - Errore: 0.000000e+00
Matrice MLIR (Dst):
  -3.34    5.72   -7.19    1.21 
   7.30    4.92    9.72    5.15 
  -7.17    8.51    3.74   -5.34 
  -0.76    5.62   -9.99   -5.20 
Matrice C (DstRef):
  -3.34    5.72   -7.19    1.21 
   7.30    4.92    9.72    5.15 
  -7.17    8.51    3.74   -5.34 
  -0.76    5.62   -9.99   -5.20 

Iterazione 6 - Errore: 0.000000e+00
Matrice MLIR (Dst):
  -3.61    9.63    5.58    0.15 
   1.27   -8.22    0.57   -4.88 
   0.47    6.91    0.21    4.33 
  -1.19   -7.85   -2.38   -3.13 
Matrice C (DstRef):
  -3.61    9.63    5.58    0.15 
   1.27   -8.22    0.57   -4.88 
   0.47    6.91    0.21    4.33 
  -1.19   -7.85   -2.38   -3.13 

\
----------------------------------------
\
Esecuzione di './matrix_kernels/mat_mul/test'...
test 1Error: 0.000000e+00

=== Matrice MLIR (C) (64 x 64) — angoli 4×4 ===
[top-left]
-300.81  144.72  -86.58  291.62 
 114.89   14.15 -510.63  -26.42 
-106.84 -417.29 -419.87  -40.95 
-244.68 -284.88  -80.07  174.18 

=== Matrice C (Cref) (64 x 64) — angoli 4×4 ===
[top-left]
-300.81  144.72  -86.58  291.62 
 114.89   14.15 -510.63  -26.42 
-106.84 -417.29 -419.87  -40.95 
-244.68 -284.88  -80.07  174.18 
test 2Error: 0.000000e+00

=== Matrice MLIR (C) (64 x 64) — angoli 4×4 ===
[top-left]
-300.81  144.72  -86.58  291.62 
 114.89   14.15 -510.63  -26.42 
-106.84 -417.29 -419.87  -40.95 
-244.68 -284.88  -80.07  174.18 

=== Matrice C (Cref) (64 x 64) — angoli 4×4 ===
[top-left]
-300.81  144.72  -86.58  291.62 
 114.89   14.15 -510.63  -26.42 
-106.84 -417.29 -419.87  -40.95 
-244.68 -284.88  -80.07  174.18 
test 3Error: 0.000000e+00

=== Matrice MLIR (C) (64 x 64) — angoli 4×4 ===
[top-left]
-300.81  144.72  -86.58  291.62 
 114.89   14.15 -510.63  -26.42 
-106.84 -417.29 -419.87  -40.95 
-244.68 -284.88  -80.07  174.18 

=== Matrice C (Cref) (64 x 64) — angoli 4×4 ===
[top-left]
-300.81  144.72  -86.58  291.62 
 114.89   14.15 -510.63  -26.42 
-106.84 -417.29 -419.87  -40.95 
-244.68 -284.88  -80.07  174.18 
test 4Error: 0.000000e+00

=== Matrice MLIR (C) (64 x 64) — angoli 4×4 ===
[top-left]
-300.81  144.72  -86.58  291.62 
 114.89   14.15 -510.63  -26.42 
-106.84 -417.29 -419.87  -40.95 
-244.68 -284.88  -80.07  174.18 

=== Matrice C (Cref) (64 x 64) — angoli 4×4 ===
[top-left]
-300.81  144.72  -86.58  291.62 
 114.89   14.15 -510.63  -26.42 
-106.84 -417.29 -419.87  -40.95 
-244.68 -284.88  -80.07  174.18 
test 5Error: 0.000000e+00

=== Matrice MLIR (C) (64 x 64) — angoli 4×4 ===
[top-left]
-300.81  144.72  -86.58  291.62 
 114.89   14.15 -510.63  -26.42 
-106.84 -417.29 -419.87  -40.95 
-244.68 -284.88  -80.07  174.18 

=== Matrice C (Cref) (64 x 64) — angoli 4×4 ===
[top-left]
-300.81  144.72  -86.58  291.62 
 114.89   14.15 -510.63  -26.42 
-106.84 -417.29 -419.87  -40.95 
-244.68 -284.88  -80.07  174.18 
test 6Error: 0.000000e+00

=== Matrice MLIR (C) (64 x 64) — angoli 4×4 ===
[top-left]
-300.81  144.72  -86.58  291.62 
 114.89   14.15 -510.63  -26.42 
-106.84 -417.29 -419.87  -40.95 
-244.68 -284.88  -80.07  174.18 

=== Matrice C (Cref) (64 x 64) — angoli 4×4 ===
[top-left]
-300.81  144.72  -86.58  291.62 
 114.89   14.15 -510.63  -26.42 
-106.84 -417.29 -419.87  -40.95 
-244.68 -284.88  -80.07  174.18 
\
----------------------------------------
\
Esecuzione di './vector_kernels/vector_set/test'...
=== INIZIO TEST VECTOR SET (Dimensione: 64) ===

Test 0: Imposto tutto il vettore a [5.810]
C (MLIR) = [5.810, 5.810, 5.810, 5.810, 5.810, 5.810, 5.810, 5.810, ...]
Cref (Golden) = [5.810, 5.810, 5.810, 5.810, 5.810, 5.810, 5.810, 5.810, ...]
Errore: 0.000000e+00
Esito: SUPERATO

Test 1: Imposto tutto il vettore a [2.160]
C (MLIR) = [2.160, 2.160, 2.160, 2.160, 2.160, 2.160, 2.160, 2.160, ...]
Cref (Golden) = [2.160, 2.160, 2.160, 2.160, 2.160, 2.160, 2.160, 2.160, ...]
Errore: 0.000000e+00
Esito: SUPERATO

Test 2: Imposto tutto il vettore a [-5.170]
C (MLIR) = [-5.170, -5.170, -5.170, -5.170, -5.170, -5.170, -5.170, -5.170, ...]
Cref (Golden) = [-5.170, -5.170, -5.170, -5.170, -5.170, -5.170, -5.170, -5.170, ...]
Errore: 0.000000e+00
Esito: SUPERATO

Test 3: Imposto tutto il vettore a [0.520]
C (MLIR) = [0.520, 0.520, 0.520, 0.520, 0.520, 0.520, 0.520, 0.520, ...]
Cref (Golden) = [0.520, 0.520, 0.520, 0.520, 0.520, 0.520, 0.520, 0.520, ...]
Errore: 0.000000e+00
Esito: SUPERATO

\
----------------------------------------
\
Esecuzione di './vector_kernels/vector_min/test'...
=== INIZIO TEST VECTOR MIN (Dimensione: 64) ===

Test 1:
  Input = [-9.840, 8.620, -8.980, 4.100, 8.400, -2.270, 4.630, 9.950, 2.390, 5.730, ...]
  MLIR minimo: -9.970000
  Ref  minimo: -9.970000
  Errore: 0.000000e+00
  Esito: SUPERATO, Errore = 0.000000e+00

Test 2:
  Input = [-8.660, -8.770, -4.870, -1.010, 0.130, -3.010, 4.620, 7.250, -3.450, -8.790, ...]
  MLIR minimo: -9.570000
  Ref  minimo: -9.570000
  Errore: 0.000000e+00
  Esito: SUPERATO, Errore = 0.000000e+00

Test 3:
  Input = [2.360, 9.230, -6.430, 9.870, -9.040, -1.250, -3.810, 4.060, 8.570, 6.590, ...]
  MLIR minimo: -9.780000
  Ref  minimo: -9.780000
  Errore: 0.000000e+00
  Esito: SUPERATO, Errore = 0.000000e+00

Test 4:
  Input = [-3.870, -8.310, -4.520, 8.530, -6.540, -2.480, 1.590, -7.600, 2.740, -3.890, ...]
  MLIR minimo: -9.850000
  Ref  minimo: -9.850000
  Errore: 0.000000e+00
  Esito: SUPERATO, Errore = 0.000000e+00

Test 5:
  Input = [5.130, -9.620, -6.390, 5.850, -8.190, 7.910, -3.550, 3.150, -6.950, 8.870, ...]
  MLIR minimo: -9.710000
  Ref  minimo: -9.710000
  Errore: 0.000000e+00
  Esito: SUPERATO, Errore = 0.000000e+00

Test 6:
  Input = [9.700, 3.940, 7.530, -1.650, -7.200, 9.140, 7.960, 7.760, 6.670, -2.340, ...]
  MLIR minimo: -9.420000
  Ref  minimo: -9.420000
  Errore: 0.000000e+00
  Esito: SUPERATO, Errore = 0.000000e+00

\
----------------------------------------
\
Esecuzione di './vector_kernels/vector_memset/test'...
=== INIZIO TEST VECTOR COPY (Dimensione: 64) ===

Test 1:
  Sorgente (B)     = [-9.840, 8.620, -8.980, 4.100, 8.400, -2.270, 4.630, 9.950, ...]
  Risultato MLIR   = [-9.840, 8.620, -8.980, 4.100, 8.400, -2.270, 4.630, 9.950, ...]
  Risultato Golden  = [-9.840, 8.620, -8.980, 4.100, 8.400, -2.270, 4.630, 9.950, ...]
  Errore massimo: 0.000000e+00
  Esito: SUPERATO, Errore = 0.000000e+00

Test 2:
  Sorgente (B)     = [-8.660, -8.770, -4.870, -1.010, 0.130, -3.010, 4.620, 7.250, ...]
  Risultato MLIR   = [-8.660, -8.770, -4.870, -1.010, 0.130, -3.010, 4.620, 7.250, ...]
  Risultato Golden  = [-8.660, -8.770, -4.870, -1.010, 0.130, -3.010, 4.620, 7.250, ...]
  Errore massimo: 0.000000e+00
  Esito: SUPERATO, Errore = 0.000000e+00

Test 3:
  Sorgente (B)     = [2.360, 9.230, -6.430, 9.870, -9.040, -1.250, -3.810, 4.060, ...]
  Risultato MLIR   = [2.360, 9.230, -6.430, 9.870, -9.040, -1.250, -3.810, 4.060, ...]
  Risultato Golden  = [2.360, 9.230, -6.430, 9.870, -9.040, -1.250, -3.810, 4.060, ...]
  Errore massimo: 0.000000e+00
  Esito: SUPERATO, Errore = 0.000000e+00

Test 4:
  Sorgente (B)     = [-3.870, -8.310, -4.520, 8.530, -6.540, -2.480, 1.590, -7.600, ...]
  Risultato MLIR   = [-3.870, -8.310, -4.520, 8.530, -6.540, -2.480, 1.590, -7.600, ...]
  Risultato Golden  = [-3.870, -8.310, -4.520, 8.530, -6.540, -2.480, 1.590, -7.600, ...]
  Errore massimo: 0.000000e+00
  Esito: SUPERATO, Errore = 0.000000e+00

Test 5:
  Sorgente (B)     = [5.130, -9.620, -6.390, 5.850, -8.190, 7.910, -3.550, 3.150, ...]
  Risultato MLIR   = [5.130, -9.620, -6.390, 5.850, -8.190, 7.910, -3.550, 3.150, ...]
  Risultato Golden  = [5.130, -9.620, -6.390, 5.850, -8.190, 7.910, -3.550, 3.150, ...]
  Errore massimo: 0.000000e+00
  Esito: SUPERATO, Errore = 0.000000e+00

Test 6:
  Sorgente (B)     = [9.700, 3.940, 7.530, -1.650, -7.200, 9.140, 7.960, 7.760, ...]
  Risultato MLIR   = [9.700, 3.940, 7.530, -1.650, -7.200, 9.140, 7.960, 7.760, ...]
  Risultato Golden  = [9.700, 3.940, 7.530, -1.650, -7.200, 9.140, 7.960, 7.760, ...]
  Errore massimo: 0.000000e+00
  Esito: SUPERATO, Errore = 0.000000e+00

\
----------------------------------------
\
Esecuzione di './vector_kernels/vector_add/test'...
Input A = [9.350, 9.730, -0.160, 4.380, 8.670, 0.300, 1.960, 4.630, ...]
Input B = [-7.540, -3.790, 6.880, 8.270, 6.480, -6.810, 8.640, -9.040, ...]
Output MLIR = [1.810, 5.940, 6.720, 12.650, 15.150, -6.510, 10.600, -4.410, ...]
Output Golden = [1.810, 5.940, 6.720, 12.650, 15.150, -6.510, 10.600, -4.410, ...]
Error: 0.000000e+00
Input A = [9.350, 9.730, -0.160, 4.380, 8.670, 0.300, 1.960, 4.630, ...]
Input B = [-7.540, -3.790, 6.880, 8.270, 6.480, -6.810, 8.640, -9.040, ...]
Output MLIR = [1.810, 5.940, 6.720, 12.650, 15.150, -6.510, 10.600, -4.410, ...]
Output Golden = [1.810, 5.940, 6.720, 12.650, 15.150, -6.510, 10.600, -4.410, ...]
Error: 0.000000e+00
Input A = [9.350, 9.730, -0.160, 4.380, 8.670, 0.300, 1.960, 4.630, ...]
Input B = [-7.540, -3.790, 6.880, 8.270, 6.480, -6.810, 8.640, -9.040, ...]
Output MLIR = [1.810, 5.940, 6.720, 12.650, 15.150, -6.510, 10.600, -4.410, ...]
Output Golden = [1.810, 5.940, 6.720, 12.650, 15.150, -6.510, 10.600, -4.410, ...]
Error: 0.000000e+00
Input A = [9.350, 9.730, -0.160, 4.380, 8.670, 0.300, 1.960, 4.630, ...]
Input B = [-7.540, -3.790, 6.880, 8.270, 6.480, -6.810, 8.640, -9.040, ...]
Output MLIR = [1.810, 5.940, 6.720, 12.650, 15.150, -6.510, 10.600, -4.410, ...]
Output Golden = [1.810, 5.940, 6.720, 12.650, 15.150, -6.510, 10.600, -4.410, ...]
Error: 0.000000e+00
Input A = [9.350, 9.730, -0.160, 4.380, 8.670, 0.300, 1.960, 4.630, ...]
Input B = [-7.540, -3.790, 6.880, 8.270, 6.480, -6.810, 8.640, -9.040, ...]
Output MLIR = [1.810, 5.940, 6.720, 12.650, 15.150, -6.510, 10.600, -4.410, ...]
Output Golden = [1.810, 5.940, 6.720, 12.650, 15.150, -6.510, 10.600, -4.410, ...]
Error: 0.000000e+00
Input A = [9.350, 9.730, -0.160, 4.380, 8.670, 0.300, 1.960, 4.630, ...]
Input B = [-7.540, -3.790, 6.880, 8.270, 6.480, -6.810, 8.640, -9.040, ...]
Output MLIR = [1.810, 5.940, 6.720, 12.650, 15.150, -6.510, 10.600, -4.410, ...]
Output Golden = [1.810, 5.940, 6.720, 12.650, 15.150, -6.510, 10.600, -4.410, ...]
Error: 0.000000e+00
Input A = [9.350, 9.730, -0.160, 4.380, 8.670, 0.300, 1.960, 4.630, ...]
Input B = [-7.540, -3.790, 6.880, 8.270, 6.480, -6.810, 8.640, -9.040, ...]
Output MLIR = [1.810, 5.940, 6.720, 12.650, 15.150, -6.510, 10.600, -4.410, ...]
Output Golden = [1.810, 5.940, 6.720, 12.650, 15.150, -6.510, 10.600, -4.410, ...]
Error: 0.000000e+00
\
----------------------------------------
\
Esecuzione di './vector_kernels/vector_sub/test'...
test 1
Input A = [9.350, 9.730, -0.160, 4.380, 8.670, 0.300, 1.960, 4.630, ...]
Input B = [-7.540, -3.790, 6.880, 8.270, 6.480, -6.810, 8.640, -9.040, ...]
Output MLIR = [16.890, 13.520, -7.040, -3.890, 2.190, 7.110, -6.680, 13.670, ...]
Output Golden = [16.890, 13.520, -7.040, -3.890, 2.190, 7.110, -6.680, 13.670, ...]
Error: 0.000000e+00
test 2
Input A = [9.350, 9.730, -0.160, 4.380, 8.670, 0.300, 1.960, 4.630, ...]
Input B = [-7.540, -3.790, 6.880, 8.270, 6.480, -6.810, 8.640, -9.040, ...]
Output MLIR = [16.890, 13.520, -7.040, -3.890, 2.190, 7.110, -6.680, 13.670, ...]
Output Golden = [16.890, 13.520, -7.040, -3.890, 2.190, 7.110, -6.680, 13.670, ...]
Error: 0.000000e+00
test 3
Input A = [9.350, 9.730, -0.160, 4.380, 8.670, 0.300, 1.960, 4.630, ...]
Input B = [-7.540, -3.790, 6.880, 8.270, 6.480, -6.810, 8.640, -9.040, ...]
Output MLIR = [16.890, 13.520, -7.040, -3.890, 2.190, 7.110, -6.680, 13.670, ...]
Output Golden = [16.890, 13.520, -7.040, -3.890, 2.190, 7.110, -6.680, 13.670, ...]
Error: 0.000000e+00
test 4
Input A = [9.350, 9.730, -0.160, 4.380, 8.670, 0.300, 1.960, 4.630, ...]
Input B = [-7.540, -3.790, 6.880, 8.270, 6.480, -6.810, 8.640, -9.040, ...]
Output MLIR = [16.890, 13.520, -7.040, -3.890, 2.190, 7.110, -6.680, 13.670, ...]
Output Golden = [16.890, 13.520, -7.040, -3.890, 2.190, 7.110, -6.680, 13.670, ...]
Error: 0.000000e+00
\
----------------------------------------
\
Esecuzione di './vector_kernels/vector_scale/test'...
=== INIZIO TEST VECTOR SET (Dimensione: 64) ===

Test 1: Imposto tutto il vettore a [-8.660]
C (MLIR) = [-80.971, -84.262, 1.386, -37.931, -75.082, -2.598, -16.974, -40.096, ...]
Cref (Golden) = [-80.971, -84.262, 1.386, -37.931, -75.082, -2.598, -16.974, -40.096, ...]
Errore: 0.000000e+00
Esito: SUPERATO

Test 2: Imposto tutto il vettore a [-8.660]
C (MLIR) = [-80.971, -84.262, 1.386, -37.931, -75.082, -2.598, -16.974, -40.096, ...]
Cref (Golden) = [-80.971, -84.262, 1.386, -37.931, -75.082, -2.598, -16.974, -40.096, ...]
Errore: 0.000000e+00
Esito: SUPERATO

Test 3: Imposto tutto il vettore a [-8.660]
C (MLIR) = [-80.971, -84.262, 1.386, -37.931, -75.082, -2.598, -16.974, -40.096, ...]
Cref (Golden) = [-80.971, -84.262, 1.386, -37.931, -75.082, -2.598, -16.974, -40.096, ...]
Errore: 0.000000e+00
Esito: SUPERATO

\
----------------------------------------
\
Esecuzione di './vector_kernels/vector_mul/test'...
=== INIZIO TEST VECTOR SET (Dimensione: 64) ===

Errore: 0.000000e+00
A input = [9.350, 9.730, -0.160, 4.380, 8.670, 0.300, 1.960, 4.630, ...]
B input = [-3.870, -8.310, -4.520, 8.530, -6.540, -2.480, 1.590, -7.600, ...]
C (MLIR) = [-36.185, -80.856, 0.723, 37.361, -56.702, -0.744, 3.116, -35.188, ...]
Cref (Golden) = [-36.185, -80.856, 0.723, 37.361, -56.702, -0.744, 3.116, -35.188, ...]
Esito: SUPERATO, Errore = 0.000000e+00

Errore: 0.000000e+00
A input = [9.350, 9.730, -0.160, 4.380, 8.670, 0.300, 1.960, 4.630, ...]
B input = [-3.870, -8.310, -4.520, 8.530, -6.540, -2.480, 1.590, -7.600, ...]
C (MLIR) = [-36.185, -80.856, 0.723, 37.361, -56.702, -0.744, 3.116, -35.188, ...]
Cref (Golden) = [-36.185, -80.856, 0.723, 37.361, -56.702, -0.744, 3.116, -35.188, ...]
Esito: SUPERATO, Errore = 0.000000e+00

Errore: 0.000000e+00
A input = [9.350, 9.730, -0.160, 4.380, 8.670, 0.300, 1.960, 4.630, ...]
B input = [-3.870, -8.310, -4.520, 8.530, -6.540, -2.480, 1.590, -7.600, ...]
C (MLIR) = [-36.185, -80.856, 0.723, 37.361, -56.702, -0.744, 3.116, -35.188, ...]
Cref (Golden) = [-36.185, -80.856, 0.723, 37.361, -56.702, -0.744, 3.116, -35.188, ...]
Esito: SUPERATO, Errore = 0.000000e+00

\
----------------------------------------
\
Esecuzione di './vector_kernels/vector_offset/test'...
=== INIZIO TEST VECTOR SET (Dimensione: 64) ===

Test 1: Imposto tutto il vettore a [-8.660]
Errore: 0.000000e+00
A input = [9.350, 9.730, -0.160, 4.380, 8.670, 0.300, 1.960, 4.630, ...]
C (MLIR) = [0.690, 1.070, -8.820, -4.280, 0.010, -8.360, -6.700, -4.030, ...]
Cref (Golden) = [0.690, 1.070, -8.820, -4.280, 0.010, -8.360, -6.700, -4.030, ...]
Esito: SUPERATO

Test 2: Imposto tutto il vettore a [-8.660]
Errore: 0.000000e+00
A input = [9.350, 9.730, -0.160, 4.380, 8.670, 0.300, 1.960, 4.630, ...]
C (MLIR) = [0.690, 1.070, -8.820, -4.280, 0.010, -8.360, -6.700, -4.030, ...]
Cref (Golden) = [0.690, 1.070, -8.820, -4.280, 0.010, -8.360, -6.700, -4.030, ...]
Esito: SUPERATO

Test 3: Imposto tutto il vettore a [-8.660]
Errore: 0.000000e+00
A input = [9.350, 9.730, -0.160, 4.380, 8.670, 0.300, 1.960, 4.630, ...]
C (MLIR) = [0.690, 1.070, -8.820, -4.280, 0.010, -8.360, -6.700, -4.030, ...]
Cref (Golden) = [0.690, 1.070, -8.820, -4.280, 0.010, -8.360, -6.700, -4.030, ...]
Esito: SUPERATO

\
----------------------------------------
\
Esecuzione di './vector_kernels/vector_axpy/test'...
=== INIZIO TEST VECTOR AXPY TENSOR (Dimensione: 64) ===

Test 1:
  src_a            = [-9.840, 8.620, -8.980, 4.100, 8.400, -2.270, 4.630, 9.950, ...]
  src_b            = [5.130, -9.620, -6.390, 5.850, -8.190, 7.910, -3.550, 3.150, ...]
  alpha = 2.500
  Risultato MLIR   = [-19.470, 11.930, -28.840, 16.100, 12.810, 2.235, 8.025, 28.025, ...]
  Risultato REF    = [-19.470, 11.930, -28.840, 16.100, 12.810, 2.235, 8.025, 28.025, ...]
  Errore massimo: 0.000000e+00
  Esito: SUPERATO

Test 2:
  src_a            = [-8.660, -8.770, -4.870, -1.010, 0.130, -3.010, 4.620, 7.250, ...]
  src_b            = [9.700, 3.940, 7.530, -1.650, -7.200, 9.140, 7.960, 7.760, ...]
  alpha = 2.500
  Risultato MLIR   = [-11.950, -17.985, -4.645, -4.175, -6.875, 1.615, 19.510, 25.885, ...]
  Risultato REF    = [-11.950, -17.985, -4.645, -4.175, -6.875, 1.615, 19.510, 25.885, ...]
  Errore massimo: 0.000000e+00
  Esito: SUPERATO

Test 3:
  src_a            = [2.360, 9.230, -6.430, 9.870, -9.040, -1.250, -3.810, 4.060, ...]
  src_b            = [-7.950, 9.590, -5.570, -6.640, -5.990, 4.470, -3.420, 0.820, ...]
  alpha = 2.500
  Risultato MLIR   = [-2.050, 32.665, -21.645, 18.035, -28.590, 1.345, -12.945, 10.970, ...]
  Risultato REF    = [-2.050, 32.665, -21.645, 18.035, -28.590, 1.345, -12.945, 10.970, ...]
  Errore massimo: 0.000000e+00
  Esito: SUPERATO

Test 4:
  src_a            = [-3.870, -8.310, -4.520, 8.530, -6.540, -2.480, 1.590, -7.600, ...]
  src_b            = [-8.780, 4.510, -9.770, -4.860, 1.250, 4.250, -3.100, 7.020, ...]
  alpha = 2.500
  Risultato MLIR   = [-18.455, -16.265, -21.070, 16.465, -15.100, -1.950, 0.875, -11.980, ...]
  Risultato REF    = [-18.455, -16.265, -21.070, 16.465, -15.100, -1.950, 0.875, -11.980, ...]
  Errore massimo: 0.000000e+00
  Esito: SUPERATO

Test 5:
  src_a            = [5.130, -9.620, -6.390, 5.850, -8.190, 7.910, -3.550, 3.150, ...]
  src_b            = [-1.810, 9.220, -8.690, -0.310, -0.430, -9.660, 4.840, 5.640, ...]
  alpha = 2.500
  Risultato MLIR   = [11.015, -14.830, -24.665, 14.315, -20.905, 10.115, -4.035, 13.515, ...]
  Risultato REF    = [11.015, -14.830, -24.665, 14.315, -20.905, 10.115, -4.035, 13.515, ...]
  Errore massimo: 0.000000e+00
  Esito: SUPERATO

Test 6:
  src_a            = [9.700, 3.940, 7.530, -1.650, -7.200, 9.140, 7.960, 7.760, ...]
  src_b            = [0.580, 8.720, 2.140, -7.380, 6.880, -6.360, 0.680, -7.450, ...]
  alpha = 2.500
  Risultato MLIR   = [24.830, 18.570, 20.965, -11.505, -11.120, 16.490, 20.580, 11.950, ...]
  Risultato REF    = [24.830, 18.570, 20.965, -11.505, -11.120, 16.490, 20.580, 11.950, ...]
  Errore massimo: 0.000000e+00
  Esito: SUPERATO

\
----------------------------------------
\
Esecuzione di './vector_kernels/vector_dot/test'...
=== INIZIO TEST VECTOR DOT (Dimensione: 64) ===

Test 1:
  Vettore A        = [-9.840, 8.620, -8.980, 4.100, 8.400, -2.270, 4.630, 9.950, ...]
  Vettore B        = [5.130, -9.620, -6.390, 5.850, -8.190, 7.910, -3.550, 3.150, ...]
  Risultato MLIR  : -3.344468
  Risultato C Ref : -3.344468
  Errore assoluto : 0.000000e+00
  Esito: SUPERATO, Errore = 0.000000e+00

Test 2:
  Vettore A        = [-8.660, -8.770, -4.870, -1.010, 0.130, -3.010, 4.620, 7.250, ...]
  Vettore B        = [9.700, 3.940, 7.530, -1.650, -7.200, 9.140, 7.960, 7.760, ...]
  Risultato MLIR  : 0.520844
  Risultato C Ref : 0.520844
  Errore assoluto : 0.000000e+00
  Esito: SUPERATO, Errore = 0.000000e+00

Test 3:
  Vettore A        = [2.360, 9.230, -6.430, 9.870, -9.040, -1.250, -3.810, 4.060, ...]
  Vettore B        = [-7.950, 9.590, -5.570, -6.640, -5.990, 4.470, -3.420, 0.820, ...]
  Risultato MLIR  : -231.342133
  Risultato C Ref : -231.342133
  Errore assoluto : 0.000000e+00
  Esito: SUPERATO, Errore = 0.000000e+00

Test 4:
  Vettore A        = [-3.870, -8.310, -4.520, 8.530, -6.540, -2.480, 1.590, -7.600, ...]
  Vettore B        = [-8.780, 4.510, -9.770, -4.860, 1.250, 4.250, -3.100, 7.020, ...]
  Risultato MLIR  : -368.008698
  Risultato C Ref : -368.008698
  Errore assoluto : 0.000000e+00
  Esito: SUPERATO, Errore = 0.000000e+00

Test 5:
  Vettore A        = [5.130, -9.620, -6.390, 5.850, -8.190, 7.910, -3.550, 3.150, ...]
  Vettore B        = [-1.810, 9.220, -8.690, -0.310, -0.430, -9.660, 4.840, 5.640, ...]
  Risultato MLIR  : -296.093475
  Risultato C Ref : -296.093475
  Errore assoluto : 0.000000e+00
  Esito: SUPERATO, Errore = 0.000000e+00

Test 6:
  Vettore A        = [9.700, 3.940, 7.530, -1.650, -7.200, 9.140, 7.960, 7.760, ...]
  Vettore B        = [0.580, 8.720, 2.140, -7.380, 6.880, -6.360, 0.680, -7.450, ...]
  Risultato MLIR  : 72.000885
  Risultato C Ref : 72.000885
  Errore assoluto : 0.000000e+00
  Esito: SUPERATO, Errore = 0.000000e+00

\
----------------------------------------
\
Esecuzione di './advanced_algorithm_kernels/Jacobi_SVD/test'...

TEST 1
Error: 0.000000e+00

Singular values (MLIR) (4):
  18.1745   11.5963    6.8922    3.2652 

Singular values C (ref) (4):
  18.1745   11.5963    6.8922    3.2652 

V (MLIR) (4 x 4):
   0.7764   -0.5411   -0.2263   -0.2306 
   0.4310    0.3177    0.8366   -0.1157 
  -0.0991   -0.5979    0.3751    0.7014 
   0.4491    0.4987   -0.3288    0.6644 

V (ref) (4x4):
   0.7764   -0.5411   -0.2263   -0.2306 
   0.4310    0.3177    0.8366   -0.1157 
  -0.0991   -0.5979    0.3751    0.7014 
   0.4491    0.4987   -0.3288    0.6644 

TEST 2
Error: 0.000000e+00

Singular values (MLIR) (4):
  19.5925    8.9603   10.2005    2.2095 

Singular values C (ref) (4):
  19.5925    8.9603   10.2005    2.2095 

V (MLIR) (4 x 4):
   0.6770    0.3763    0.0918   -0.6258 
  -0.5375    0.7790    0.3160   -0.0668 
  -0.0355   -0.4032    0.9023   -0.1485 
   0.5015    0.2984    0.2786    0.7628 

V (ref) (4x4):
   0.6770    0.3763    0.0918   -0.6258 
  -0.5375    0.7790    0.3160   -0.0668 
  -0.0355   -0.4032    0.9023   -0.1485 
   0.5015    0.2984    0.2786    0.7628 

TEST 3
Error: 0.000000e+00

Singular values (MLIR) (4):
   0.9297    9.5020   13.8188   16.4979 

Singular values C (ref) (4):
   0.9297    9.5020   13.8188   16.4979 

V (MLIR) (4 x 4):
   0.5489   -0.4731   -0.3022    0.6194 
   0.4687    0.8125    0.1829    0.2944 
   0.0722   -0.3089    0.9354    0.1564 
  -0.6883    0.1436   -0.0182    0.7108 

V (ref) (4x4):
   0.5489   -0.4731   -0.3022    0.6194 
   0.4687    0.8125    0.1829    0.2944 
   0.0722   -0.3089    0.9354    0.1564 
  -0.6883    0.1436   -0.0182    0.7108 

TEST 4
Error: 0.000000e+00

Singular values (MLIR) (4):
   9.0808   21.4337    0.9199    5.7524 

Singular values C (ref) (4):
   9.0808   21.4337    0.9199    5.7524 

V (MLIR) (4 x 4):
   0.8009    0.4004    0.4429    0.0464 
  -0.3589    0.6442    0.1359   -0.6616 
  -0.3608   -0.2707    0.8852    0.1140 
  -0.3156    0.5928   -0.0427    0.7397 

V (ref) (4x4):
   0.8009    0.4004    0.4429    0.0464 
  -0.3589    0.6442    0.1359   -0.6616 
  -0.3608   -0.2707    0.8852    0.1140 
  -0.3156    0.5928   -0.0427    0.7397 

TEST 5
Error: 0.000000e+00

Singular values (MLIR) (4):
   3.8580   16.4670   11.9589    8.8233 

Singular values C (ref) (4):
   3.8580   16.4670   11.9589    8.8233 

V (MLIR) (4 x 4):
   0.8928   -0.2743   -0.0966    0.3440 
   0.0955    0.8662   -0.3487    0.3449 
   0.1432    0.3060    0.9316    0.1338 
  -0.4163   -0.2843    0.0334    0.8630 

V (ref) (4x4):
   0.8928   -0.2743   -0.0966    0.3440 
   0.0955    0.8662   -0.3487    0.3449 
   0.1432    0.3060    0.9316    0.1338 
  -0.4163   -0.2843    0.0334    0.8630 

TEST 6
Error: 0.000000e+00

Singular values (MLIR) (4):
  13.5378    0.4597   19.3356    3.8265 

Singular values C (ref) (4):
  13.5378    0.4597   19.3356    3.8265 

V (MLIR) (4 x 4):
   0.2409    0.7626   -0.6001   -0.0179 
  -0.8403    0.3356    0.0766    0.4188 
   0.4302    0.4180    0.6919    0.4018 
   0.2252   -0.3622   -0.3940    0.8142 

V (ref) (4x4):
   0.2409    0.7626   -0.6001   -0.0179 
  -0.8403    0.3356    0.0766    0.4188 
   0.4302    0.4180    0.6919    0.4018 
   0.2252   -0.3622   -0.3940    0.8142 
\
----------------------------------------
\
Esecuzione di './advanced_algorithm_kernels/SVD_lsv/test'...

TEST 1
  Errore: 0.000000e+00
  Esito: SUPERATO, Errore = 0.000000e+00

dst MLIR (4 x 4):
  25.2204   -0.9539   13.7281   -4.4284 
  14.8961   13.0484    8.8414    0.6002 
 -15.9093   -2.9131    0.7572  -11.6576 
  -0.8807   29.0451    9.8348    0.1035 

dst Ref (4 x 4):
  25.2204   -0.9539   13.7281   -4.4284 
  14.8961   13.0484    8.8414    0.6002 
 -15.9093   -2.9131    0.7572  -11.6576 
  -0.8807   29.0451    9.8348    0.1035 

TEST 2
  Errore: 0.000000e+00
  Esito: SUPERATO, Errore = 0.000000e+00

dst MLIR (4 x 4):
   7.1550   -1.0998  -55.4194  -11.0343 
   7.9741   -6.8602  -61.5143   -3.7889 
   1.1017    6.4962  -56.3588   -4.5462 
  -4.3904   -6.9746  148.1712   11.2742 

dst Ref (4 x 4):
   7.1550   -1.0998  -55.4194  -11.0343 
   7.9741   -6.8602  -61.5143   -3.7889 
   1.1017    6.4962  -56.3588   -4.5462 
  -4.3904   -6.9746  148.1712   11.2742 

TEST 3
  Errore: 0.000000e+00
  Esito: SUPERATO, Errore = 0.000000e+00

dst MLIR (4 x 4):
   5.2180   -9.0240    2.6689   -2.5803 
  -4.8008  -19.0261   -4.3527   -5.7232 
   7.5340   -0.3561    7.7515    0.3889 
 -12.0000   -5.7556   -4.8543    4.5800 

dst Ref (4 x 4):
   5.2180   -9.0240    2.6689   -2.5803 
  -4.8008  -19.0261   -4.3527   -5.7232 
   7.5340   -0.3561    7.7515    0.3889 
 -12.0000   -5.7556   -4.8543    4.5800 

TEST 4
  Errore: 0.000000e+00
  Esito: SUPERATO, Errore = 0.000000e+00

dst MLIR (4 x 4):
  -0.8699  900.1390   19.6366   82.7365 
   1.6925  -81.9520  -31.4646  -59.6740 
   2.1178 -1091.1489   13.4484 -103.7381 
  -0.5021 -128.3440  -55.4431   15.0148 

dst Ref (4 x 4):
  -0.8699  900.1390   19.6366   82.7365 
   1.6925  -81.9520  -31.4646  -59.6740 
   2.1178 -1091.1489   13.4484 -103.7381 
  -0.5021 -128.3440  -55.4431   15.0148 

TEST 5
  Errore: 0.000000e+00
  Esito: SUPERATO, Errore = 0.000000e+00

dst MLIR (4 x 4):
   7.6743  -43.7857    9.7453  -74.6010 
 -15.2226  -24.7212   -2.8403   15.6680 
  -9.1011  -20.2127   -3.6934 -245.7595 
   3.7661    0.8913    2.7743  -70.9720 

dst Ref (4 x 4):
   7.6743  -43.7857    9.7453  -74.6010 
 -15.2226  -24.7212   -2.8403   15.6680 
  -9.1011  -20.2127   -3.6934 -245.7595 
   3.7661    0.8913    2.7743  -70.9720 

TEST 6
  Errore: 0.000000e+00
  Esito: SUPERATO, Errore = 0.000000e+00

dst MLIR (4 x 4):
  13.9620   -4.4606  -12.4145   17.1525 
 -12.3351   -3.8888    4.6331  -16.5769 
  16.7691   -7.0662  -13.6549   12.1264 
  -3.6567  -11.7174   -6.8818   -2.7754 

dst Ref (4 x 4):
  13.9620   -4.4606  -12.4145   17.1525 
 -12.3351   -3.8888    4.6331  -16.5769 
  16.7691   -7.0662  -13.6549   12.1264 
  -3.6567  -11.7174   -6.8818   -2.7754 
\
----------------------------------------
\
Esecuzione di './advanced_algorithm_kernels/lu_solve/test'...
Test LU Solve (Dim=8)...
Esito: SUCCESSO, Errore = 0.000000e+00
Esito: SUCCESSO, Errore = 0.000000e+00
Esito: SUCCESSO, Errore = 0.000000e+00
Esito: SUCCESSO, Errore = 0.000000e+00
Esito: SUCCESSO, Errore = 0.000000e+00
\
----------------------------------------
\
Esecuzione di './advanced_algorithm_kernels/svd/test'...
Error scalare : 0.000000e+00
Error vettore: 0.000000e+00
Error matrice: 0.000000e+00

ESITO: SUPERATO, Errore = 0.000000e+00
Error scalare : 0.000000e+00
Error vettore: 0.000000e+00
Error matrice: 0.000000e+00

ESITO: SUPERATO, Errore = 0.000000e+00
Error scalare : 0.000000e+00
Error vettore: 0.000000e+00
Error matrice: 0.000000e+00

ESITO: SUPERATO, Errore = 0.000000e+00
Error scalare : 0.000000e+00
Error vettore: 0.000000e+00
Error matrice: 0.000000e+00

ESITO: SUPERATO, Errore = 0.000000e+00
Error scalare : 0.000000e+00
Error vettore: 0.000000e+00
Error matrice: 0.000000e+00

ESITO: SUPERATO, Errore = 0.000000e+00
Error scalare : 0.000000e+00
Error vettore: 0.000000e+00
Error matrice: 0.000000e+00

ESITO: SUPERATO, Errore = 0.000000e+00
\
----------------------------------------
\
Esecuzione di './advanced_algorithm_kernels/lu_decomp/test'...
  Errore Matrice LU (Sum of Sq) : 0.000000e+00
  Mismatches Array Permutazioni : 0
  Esito: SUPERATO, Errore = 0.000000e+00
  Errore Matrice LU (Sum of Sq) : 0.000000e+00
  Mismatches Array Permutazioni : 0
  Esito: SUPERATO, Errore = 0.000000e+00
  Errore Matrice LU (Sum of Sq) : 0.000000e+00
  Mismatches Array Permutazioni : 0
  Esito: SUPERATO, Errore = 0.000000e+00
  Errore Matrice LU (Sum of Sq) : 0.000000e+00
  Mismatches Array Permutazioni : 0
  Esito: SUPERATO, Errore = 0.000000e+00
  Errore Matrice LU (Sum of Sq) : 0.000000e+00
  Mismatches Array Permutazioni : 0
  Esito: SUPERATO, Errore = 0.000000e+00
\
----------------------------------------
\
Esecuzione di './advanced_algorithm_kernels/cholensky/test'...
Test Cholesky Decomposition (Dim=64)...
Esito: SUCCESSO, Errore = 2.127214e-08
Esito: SUCCESSO, Errore = 1.151818e-08
Esito: SUCCESSO, Errore = 1.142612e-08
Esito: SUCCESSO, Errore = 2.232372e-08
Esito: SUCCESSO, Errore = 1.016221e-08
\
----------------------------------------
\
Esecuzione di './advanced_algorithm_kernels/gemv/test'...
  Esito: SUCCESSO, Errore = 0.000000e+00
  Esito: SUCCESSO, Errore = 0.000000e+00
  Esito: SUCCESSO, Errore = 0.000000e+00
  Esito: SUCCESSO, Errore = 0.000000e+00
  Esito: SUCCESSO, Errore = 0.000000e+00
\
----------------------------------------
\
Esecuzione di './advanced_algorithm_kernels/gemv_trans/test'...
  Esito: SUCCESSO, Errore = 0.000000e+00
  Esito: SUCCESSO, Errore = 0.000000e+00
  Esito: SUCCESSO, Errore = 0.000000e+00
  Esito: SUCCESSO, Errore = 0.000000e+00
  Esito: SUCCESSO, Errore = 0.000000e+00
\
----------------------------------------
\
